2026-09-09 10:15:39 WARNING 未配置 resend_api_key 且 dry_run=false：邮件将被跳过。请设置环境变量 RESEND_API_KEY 或在 config.json 填写 resend_api_key。
2026-09-09 10:15:39 INFO    ============================================================
2026-09-09 10:15:39 INFO    开始抓取 https://www.pkmkv.com/ （2026-09-09T18:15:39+08:00）
2026-09-09 10:15:40 INFO    抓到 6 项：
2026-09-09 10:15:40 INFO      1. 欢迎来龙餐馆                 [HD] /mv/469621.html
2026-09-09 10:15:40 INFO      2. 八仙！                    [HD] /mv/509554.html
2026-09-09 10:15:40 INFO      3. 给阿嬷的情书                 [HD] /mv/498108.html
2026-09-09 10:15:40 INFO      4. 特立独行                   [HD] /mv/515430.html
2026-09-09 10:15:40 INFO      5. 海洋奇缘：启航                [HD] /mv/507892.html
2026-09-09 10:15:40 INFO      6. 求救信号                   [HD] /mv/515415.html
2026-09-09 10:15:40 INFO    首次运行，记录基线快照，不发送提醒邮件。
2026-09-09 10:15:40 INFO    本次不需要发送提醒邮件。
2026-09-09 10:15:40 INFO    快照已写入 /root/movie-notify/state.json
2026-09-09 10:15:40 INFO    本次内容指纹：e06b65972790
2026-09-09 10:15:40 WARNING 未配置 resend_api_key 且 dry_run=false：邮件将被跳过。请设置环境变量 RESEND_API_KEY 或在 config.json 填写 resend_api_key。
2026-09-09 10:15:40 INFO    ============================================================
2026-09-09 10:15:40 INFO    开始抓取 https://www.pkmkv.com/ （2026-09-09T18:15:40+08:00）
2026-09-09 10:15:41 INFO    抓到 6 项：
2026-09-09 10:15:41 INFO      1. 欢迎来龙餐馆                 [HD] /mv/469621.html
2026-09-09 10:15:41 INFO      2. 八仙！                    [HD] /mv/509554.html
2026-09-09 10:15:41 INFO      3. 给阿嬷的情书                 [HD] /mv/498108.html
2026-09-09 10:15:41 INFO      4. 特立独行                   [HD] /mv/515430.html
2026-09-09 10:15:41 INFO      5. 海洋奇缘：启航                [HD] /mv/507892.html
2026-09-09 10:15:41 INFO      6. 求救信号                   [HD] /mv/515415.html
2026-09-09 10:15:41 INFO    上次快照时间：2026-09-09T18:15:39+08:00
2026-09-09 10:15:41 INFO    内容无变化。
2026-09-09 10:15:41 INFO    本次不需要发送提醒邮件。
2026-09-09 10:15:41 INFO    快照已写入 /root/movie-notify/state.json
2026-09-09 10:15:41 INFO    本次内容指纹：e06b65972790
2026-09-09 10:26:05 INFO    ============================================================
2026-09-09 10:26:05 INFO    开始抓取 https://www.pkmkv.com/ （2026-09-09T18:26:05+08:00）
2026-09-09 10:26:05 INFO    测试邮件结果：已发送，Resend id=c520add9-c4fc-4a20-ac81-54a0f40d0eca
2026-09-09 10:26:33 WARNING 未配置 resend_api_key 且 dry_run=false：邮件将被跳过。请设置环境变量 RESEND_API_KEY 或在 config.json 填写 resend_api_key。
2026-09-09 10:26:33 INFO    守护进程启动。时区=Asia/Shanghai 调度时刻=08:00、12:00、18:00、00:00 目标=https://www.pkmkv.com/
2026-09-09 10:26:33 INFO    下次执行时间：2026-09-10 00:00 CST（333.4 分钟后）
2026-09-09 10:31:20 INFO    ============================================================
2026-09-09 10:31:20 INFO    开始抓取 https://www.pkmkv.com/ （2026-09-09T18:31:20+08:00）
2026-09-09 10:31:20 INFO    测试邮件结果：已发送，Resend id=9ac6c738-7656-4b05-8476-24e86cf47bbe
2026-09-09 10:33:09 INFO    收到信号 15，准备退出…
2026-09-09 10:33:09 INFO    守护进程已退出。
2026-09-09 10:33:13 INFO    守护进程启动：时区=Asia/Shanghai 调度时刻=00:00、08:00、12:00、18:00 目标=https://www.pkmkv.com/ 发件=notify@1795857.xyz 收件=1795857787@qq.com Key=已配置
2026-09-09 10:33:13 INFO    下次执行时间：2026-09-10 00:00 CST（326.8 分钟后）
2026-09-09 10:34:22 INFO    守护进程启动：时区=Asia/Shanghai 调度时刻=00:00、08:00、12:00、18:00 目标=https://www.pkmkv.com/ 发件=notify@1795857.xyz 收件=1795857787@qq.com Key=已配置
2026-09-09 10:34:22 INFO    下次执行时间：2026-09-10 00:00 CST（325.6 分钟后）
2026-09-09 10:34:32 INFO    守护进程配置已更新（自动热重载，无需重启）：时区=Asia/Shanghai 调度时刻=03:00、15:00 目标=https://www.pkmkv.com/ 发件=notify@1795857.xyz 收件=1795857787@qq.com Key=已配置
2026-09-09 10:34:32 INFO    下次执行时间更新为：2026-09-10 03:00 CST
2026-09-09 10:34:36 INFO    收到信号 15，准备退出…
2026-09-09 10:34:36 INFO    守护进程已退出。
2026-09-09 10:34:48 INFO    收到信号 15，准备退出…
2026-09-09 10:34:48 INFO    守护进程已退出。
2026-09-09 10:34:51 INFO    守护进程启动：时区=Asia/Shanghai 调度时刻=00:00、08:00、12:00、18:00 目标=https://www.pkmkv.com/ 发件=notify@1795857.xyz 收件=1795857787@qq.com Key=已配置
2026-09-09 10:34:51 INFO    下次执行时间：2026-09-10 00:00 CST（325.1 分钟后）
